// Jest Snapshot v1, https://goo.gl/fbAQLP

exports[`useEmoji should choose selection when \`Enter\` key is pressed 1`] = `
<p>
  Initial content
  <span class="remirror-emoji-wrapper"
        data-remirror-emoji="üá¶"
  >
    <img role="presentation"
         class="remirror-emoji-image"
         aria-label="regional indicator A"
         alt="regional indicator A"
         src="https://cdn.jsdelivr.net/npm/@svgmoji/noto@3.0.0/sprites/all.svg#1F1E6"
    >
    üá¶
  </span>
  <br>
</p>
`;

exports[`useEmoji should correctly add the emoji when the command is called 1`] = `
<p>
  Initial content
  <span class="remirror-emoji-wrapper"
        data-remirror-emoji="‚ù§Ô∏è"
  >
    <img role="presentation"
         class="remirror-emoji-image"
         aria-label="red heart"
         alt="red heart"
         src="https://cdn.jsdelivr.net/npm/@svgmoji/noto@3.0.0/sprites/all.svg#2764"
    >
    ‚ù§Ô∏è
  </span>
  <br>
</p>
`;
