// Jest Snapshot v1, https://goo.gl/fbAQLP

exports[`transpile transpiles typescript: transpiles typescript 1`] = `

import { transpile } from '/Users/ifiokjr/Coding/KICKJUMP/remirror/remirror/play/packages/bundler.macro/';
      const packageJson = transpile('./transpile.fixture.ts');

      ↓ ↓ ↓ ↓ ↓ ↓

import { transpile } from '/Users/ifiokjr/Coding/KICKJUMP/remirror/remirror/play/packages/bundler.macro/';
const packageJson = transpile('./transpile.fixture.ts');


`;
