// Jest Snapshot v1, https://goo.gl/fbAQLP

exports[`throws an error when called multiple times during render 1`] = `
" A problem occurred adding the editor view to the dom.

For more information visit https://docs.remirror.org/errors#RMR0201"
`;
