// Jest Snapshot v1, https://goo.gl/fbAQLP

exports[`multiple \`getRootProps\` applied to dom throw an error 1`] = `
"\`getRootProps\` has been attached to the DOM more than once. It should only be attached to the dom once per editor.

Called 2 times

For more information visit https://remirror.io/docs/errors#rmr0201"
`;
