// Jest Snapshot v1, https://goo.gl/fbAQLP

exports[`ssr component 1`] = `
"<style data-emotion-css=\\"1qat138\\">.css-1qat138 .remirror-editor{caret-color:currentColor;word-wrap:break-word;white-space:pre-wrap;overflow-wrap:break-word;}.css-1qat138 .remirror-editor:focus{outline:none;}.css-1qat138 code[class*='language-'],.css-1qat138 pre[class*='language-']{color:#c5c8c6;text-shadow:0 1px rgba(0,0,0,0.3);font-family:Inconsolata,Monaco,Consolas,'Courier New',Courier,monospace;direction:ltr;text-align:left;white-space:pre;word-spacing:normal;word-break:normal;line-height:1.5;-moz-tab-size:4;-o-tab-size:4;tab-size:4;-webkit-hyphens:none;-moz-hyphens:none;-ms-hyphens:none;-webkit-hyphens:none;-moz-hyphens:none;-ms-hyphens:none;hyphens:none;}.css-1qat138 pre[class*='language-']{padding:1em;margin:0.5em 0;overflow:auto;border-radius:0.3em;}.css-1qat138:not(pre) > code[class*='language-'],.css-1qat138 pre[class*='language-']{background:#1d1f21;}.css-1qat138:not(pre) > code[class*='language-']{padding:0.1em;border-radius:0.3em;}.css-1qat138 .token.comment,.css-1qat138 .token.prolog,.css-1qat138 .token.doctype,.css-1qat138 .token.cdata{color:#7c7c7c;}.css-1qat138 .token.punctuation{color:#c5c8c6;}.css-1qat138 .namespace{opacity:0.7;}.css-1qat138 .token.property,.css-1qat138 .token.keyword,.css-1qat138 .token.tag{color:#96cbfe;}.css-1qat138 .token.class-name{color:#ffffb6;-webkit-text-decoration:underline;text-decoration:underline;}.css-1qat138 .token.boolean,.css-1qat138 .token.constant{color:#99cc99;}.css-1qat138 .token.symbol,.css-1qat138 .token.deleted{color:#f92672;}.css-1qat138 .token.number{color:#ff73fd;}.css-1qat138 .token.selector,.css-1qat138 .token.attr-name,.css-1qat138 .token.string,.css-1qat138 .token.char,.css-1qat138 .token.builtin,.css-1qat138 .token.inserted{color:#a8ff60;}.css-1qat138 .token.variable{color:#c6c5fe;}.css-1qat138 .token.operator{color:#ededed;}.css-1qat138 .token.entity{color:#ffffb6;}.css-1qat138 .token.url{color:#96cbfe;}.css-1qat138 .language-css .token.string,.css-1qat138 .style .token.string{color:#87c38a;}.css-1qat138 .token.atrule,.css-1qat138 .token.attr-value{color:#f9ee98;}.css-1qat138 .token.function{color:#dad085;}.css-1qat138 .token.regex{color:#e9c062;}.css-1qat138 .token.important{color:#fd971f;}.css-1qat138 .token.important,.css-1qat138 .token.bold{font-weight:bold;}.css-1qat138 .token.italic{font-style:italic;}.css-1qat138 .token.entity{cursor:help;}</style><div class=\\"css-1qat138\\"><div role=\\"textbox\\" aria-multiline=\\"true\\" aria-label=\\"\\" class=\\"Prosemirror remirror-editor undefined\\" contenteditable=\\"true\\"><pre class=\\"language-markup\\"><code>Simple Code Blocks
echo &quot;fun times&quot;
Use Shift-Enter or Mod-Enter to hard break out of the code block</code></pre></div><div role=\\"textbox\\" aria-multiline=\\"true\\" aria-label=\\"\\" class=\\"Prosemirror remirror-editor undefined\\" contenteditable=\\"true\\"><pre class=\\"language-markup\\"><code>Simple Code Blocks
echo &quot;fun times&quot;
Use Shift-Enter or Mod-Enter to hard break out of the code block</code></pre></div></div>"
`;
